QR initmove()
(0, 10, 10)
servos(139, 934, 795, 500)
Servo3-abs=3
Servo4-abs=4
Servo5-abs=3
Servo6-abs=1
预计运行时间1500ms,实际运行时间1500ms
func main() started
func QRcode_sort() started
QRSorting Start
detect_block=None
识别二维码时间为:10.759363000033773ms
green
move to world_X=0and world_Y=19
(0.57, 19.47, 7)
servos(74, 602, 386, 493)
Servo3-abs=61
Servo4-abs=335
Servo5-abs=413
Servo6-abs=6
预计运行时间1500ms,实际运行时间1500ms
(0.57, 19.47, 5)
servos(69, 591, 355, 493)
Servo3-abs=6
Servo4-abs=17
Servo5-abs=23
Servo6-abs=4
预计运行时间1000ms,实际运行时间1000ms
(0.57, 19.47, 1.5)
servos(65, 567, 298, 493)
Servo3-abs=6
Servo4-abs=32
Servo5-abs=53
Servo6-abs=3
预计运行时间500ms,实际运行时间500ms
(0.57, 19.47, 9)
servos(74, 598, 407, 493)
Servo3-abs=7
Servo4-abs=24
Servo5-abs=113
Servo6-abs=4
预计运行时间1000ms,实际运行时间1000ms
(0, 10, 12)
servos(64, 786, 672, 500)
Servo3-abs=5
Servo4-abs=188
Servo5-abs=274
Servo6-abs=4
预计运行时间1000ms,实际运行时间1000ms
机械臂抬起
机械臂开始放下 detect_block=green
green
(-14.5, -0.5, 12)
servos(67, 693, 542, 883)
Servo3-abs=2
Servo4-abs=95
Servo5-abs=133
Servo6-abs=386
预计运行时间1000ms,实际运行时间1000ms
({'servo3': 67, 'servo4': 693, 'servo5': 542, 'servo6': 883}, -50, 1000)
(-14.5, -0.5, 2)
servos(68, 696, 386, 883)
Servo3-abs=3
Servo4-abs=4
Servo5-abs=154
Servo6-abs=1
预计运行时间1000ms,实际运行时间1000ms
({'servo3': 68, 'servo4': 696, 'servo5': 386, 'servo6': 883}, -88, 1000)
num green=1
(-14.5, -0.5, 12)
servos(67, 693, 542, 883)
Servo3-abs=1
Servo4-abs=7
Servo5-abs=161
Servo6-abs=1
预计运行时间500ms,实际运行时间500ms
QR initmove()
(0, 10, 10)
servos(139, 934, 795, 500)
Servo3-abs=73
Servo4-abs=235
Servo5-abs=259
Servo6-abs=382
No barcode found.
No barcode found.
预计运行时间1500ms,实际运行时间1500ms
开始抓取到完成用时:11397.359789998518ms
detect_block=None
